------------------------------------------------------------
TimeQuest Timing Analyzer Summary
------------------------------------------------------------

Type  : Slow 1100mV 85C Model Setup 'U0|vga|vga_clk|altera_pll_i|general[0].gpll~PLL_OUTPUT_COUNTER|divclk'
Slack : -8.003
TNS   : -464.514

Type  : Slow 1100mV 85C Model Setup 'Generate_Arbitrary_Divided_Clk32:Generate_LCD_scope_Clk|var_clk_div32:Div_Clk|tc_reg'
Slack : -7.175
TNS   : -323.887

Type  : Slow 1100mV 85C Model Setup 'CLOCK_50'
Slack : -2.718
TNS   : -49.948

Type  : Slow 1100mV 85C Model Setup 'U0|pll|altera_pll_i|general[0].gpll~PLL_OUTPUT_COUNTER|divclk'
Slack : 0.558
TNS   : 0.000

Type  : Slow 1100mV 85C Model Setup 'altera_reserved_tck'
Slack : 10.300
TNS   : 0.000

Type  : Slow 1100mV 85C Model Setup 'U0|pll|altera_pll_i|general[2].gpll~PLL_OUTPUT_COUNTER|divclk'
Slack : 18.552
TNS   : 0.000

Type  : Slow 1100mV 85C Model Setup 'hack_ltm_sincronization:hack_ltm_sincronization_inst|line_rdy'
Slack : 32.817
TNS   : 0.000

Type  : Slow 1100mV 85C Model Setup 'Clock_Divider:get1Hz|clock_out'
Slack : 36.942
TNS   : 0.000

Type  : Slow 1100mV 85C Model Hold 'U0|vga|vga_clk|altera_pll_i|general[0].gpll~PLL_OUTPUT_COUNTER|divclk'
Slack : -0.387
TNS   : -4.044

Type  : Slow 1100mV 85C Model Hold 'altera_reserved_tck'
Slack : 0.122
TNS   : 0.000

Type  : Slow 1100mV 85C Model Hold 'U0|pll|altera_pll_i|general[0].gpll~PLL_OUTPUT_COUNTER|divclk'
Slack : 0.174
TNS   : 0.000

Type  : Slow 1100mV 85C Model Hold 'CLOCK_50'
Slack : 0.236
TNS   : 0.000

Type  : Slow 1100mV 85C Model Hold 'hack_ltm_sincronization:hack_ltm_sincronization_inst|line_rdy'
Slack : 0.279
TNS   : 0.000

Type  : Slow 1100mV 85C Model Hold 'U0|pll|altera_pll_i|general[2].gpll~PLL_OUTPUT_COUNTER|divclk'
Slack : 0.339
TNS   : 0.000

Type  : Slow 1100mV 85C Model Hold 'Clock_Divider:get1Hz|clock_out'
Slack : 0.806
TNS   : 0.000

Type  : Slow 1100mV 85C Model Hold 'Generate_Arbitrary_Divided_Clk32:Generate_LCD_scope_Clk|var_clk_div32:Div_Clk|tc_reg'
Slack : 0.855
TNS   : 0.000

Type  : Slow 1100mV 85C Model Recovery 'U0|vga|vga_clk|altera_pll_i|general[0].gpll~PLL_OUTPUT_COUNTER|divclk'
Slack : -6.827
TNS   : -20.471

Type  : Slow 1100mV 85C Model Recovery 'U0|pll|altera_pll_i|general[0].gpll~PLL_OUTPUT_COUNTER|divclk'
Slack : 3.095
TNS   : 0.000

Type  : Slow 1100mV 85C Model Recovery 'CLOCK_50'
Slack : 12.979
TNS   : 0.000

Type  : Slow 1100mV 85C Model Recovery 'U0|pll|altera_pll_i|general[2].gpll~PLL_OUTPUT_COUNTER|divclk'
Slack : 16.528
TNS   : 0.000

Type  : Slow 1100mV 85C Model Recovery 'altera_reserved_tck'
Slack : 17.499
TNS   : 0.000

Type  : Slow 1100mV 85C Model Removal 'U0|vga|vga_clk|altera_pll_i|general[0].gpll~PLL_OUTPUT_COUNTER|divclk'
Slack : 0.446
TNS   : 0.000

Type  : Slow 1100mV 85C Model Removal 'CLOCK_50'
Slack : 0.554
TNS   : 0.000

Type  : Slow 1100mV 85C Model Removal 'U0|pll|altera_pll_i|general[0].gpll~PLL_OUTPUT_COUNTER|divclk'
Slack : 0.590
TNS   : 0.000

Type  : Slow 1100mV 85C Model Removal 'altera_reserved_tck'
Slack : 0.799
TNS   : 0.000

Type  : Slow 1100mV 85C Model Removal 'U0|pll|altera_pll_i|general[2].gpll~PLL_OUTPUT_COUNTER|divclk'
Slack : 0.815
TNS   : 0.000

Type  : Slow 1100mV 85C Model Minimum Pulse Width 'U0|pll|altera_pll_i|general[0].gpll~FRACTIONAL_PLL|vcoph[0]'
Slack : 0.500
TNS   : 0.000

Type  : Slow 1100mV 85C Model Minimum Pulse Width 'U0|vga|vga_clk|altera_pll_i|general[0].gpll~FRACTIONAL_PLL|vcoph[0]'
Slack : 1.562
TNS   : 0.000

Type  : Slow 1100mV 85C Model Minimum Pulse Width 'U0|pll|altera_pll_i|general[0].gpll~PLL_OUTPUT_COUNTER|divclk'
Slack : 2.279
TNS   : 0.000

Type  : Slow 1100mV 85C Model Minimum Pulse Width 'CLOCK_50'
Slack : 8.879
TNS   : 0.000

Type  : Slow 1100mV 85C Model Minimum Pulse Width 'U0|vga|vga_clk|altera_pll_i|general[0].gpll~PLL_OUTPUT_COUNTER|divclk'
Slack : 11.281
TNS   : 0.000

Type  : Slow 1100mV 85C Model Minimum Pulse Width 'Generate_Arbitrary_Divided_Clk32:Generate_LCD_scope_Clk|var_clk_div32:Div_Clk|tc_reg'
Slack : 18.466
TNS   : 0.000

Type  : Slow 1100mV 85C Model Minimum Pulse Width 'hack_ltm_sincronization:hack_ltm_sincronization_inst|line_rdy'
Slack : 18.746
TNS   : 0.000

Type  : Slow 1100mV 85C Model Minimum Pulse Width 'Clock_Divider:get1Hz|clock_out'
Slack : 18.879
TNS   : 0.000

Type  : Slow 1100mV 85C Model Minimum Pulse Width 'altera_reserved_tck'
Slack : 18.894
TNS   : 0.000

Type  : Slow 1100mV 85C Model Minimum Pulse Width 'U0|pll|altera_pll_i|general[2].gpll~PLL_OUTPUT_COUNTER|divclk'
Slack : 19.289
TNS   : 0.000

Type  : Slow 1100mV 0C Model Setup 'U0|vga|vga_clk|altera_pll_i|general[0].gpll~PLL_OUTPUT_COUNTER|divclk'
Slack : -7.437
TNS   : -416.225

Type  : Slow 1100mV 0C Model Setup 'Generate_Arbitrary_Divided_Clk32:Generate_LCD_scope_Clk|var_clk_div32:Div_Clk|tc_reg'
Slack : -7.170
TNS   : -322.706

Type  : Slow 1100mV 0C Model Setup 'CLOCK_50'
Slack : -2.385
TNS   : -48.468

Type  : Slow 1100mV 0C Model Setup 'U0|pll|altera_pll_i|general[0].gpll~PLL_OUTPUT_COUNTER|divclk'
Slack : 0.682
TNS   : 0.000

Type  : Slow 1100mV 0C Model Setup 'altera_reserved_tck'
Slack : 10.440
TNS   : 0.000

Type  : Slow 1100mV 0C Model Setup 'U0|pll|altera_pll_i|general[2].gpll~PLL_OUTPUT_COUNTER|divclk'
Slack : 18.517
TNS   : 0.000

Type  : Slow 1100mV 0C Model Setup 'hack_ltm_sincronization:hack_ltm_sincronization_inst|line_rdy'
Slack : 32.958
TNS   : 0.000

Type  : Slow 1100mV 0C Model Setup 'Clock_Divider:get1Hz|clock_out'
Slack : 36.971
TNS   : 0.000

Type  : Slow 1100mV 0C Model Hold 'U0|vga|vga_clk|altera_pll_i|general[0].gpll~PLL_OUTPUT_COUNTER|divclk'
Slack : -0.390
TNS   : -4.283

Type  : Slow 1100mV 0C Model Hold 'altera_reserved_tck'
Slack : 0.117
TNS   : 0.000

Type  : Slow 1100mV 0C Model Hold 'U0|pll|altera_pll_i|general[0].gpll~PLL_OUTPUT_COUNTER|divclk'
Slack : 0.123
TNS   : 0.000

Type  : Slow 1100mV 0C Model Hold 'CLOCK_50'
Slack : 0.224
TNS   : 0.000

Type  : Slow 1100mV 0C Model Hold 'U0|pll|altera_pll_i|general[2].gpll~PLL_OUTPUT_COUNTER|divclk'
Slack : 0.311
TNS   : 0.000

Type  : Slow 1100mV 0C Model Hold 'hack_ltm_sincronization:hack_ltm_sincronization_inst|line_rdy'
Slack : 0.334
TNS   : 0.000

Type  : Slow 1100mV 0C Model Hold 'Clock_Divider:get1Hz|clock_out'
Slack : 0.791
TNS   : 0.000

Type  : Slow 1100mV 0C Model Hold 'Generate_Arbitrary_Divided_Clk32:Generate_LCD_scope_Clk|var_clk_div32:Div_Clk|tc_reg'
Slack : 0.856
TNS   : 0.000

Type  : Slow 1100mV 0C Model Recovery 'U0|vga|vga_clk|altera_pll_i|general[0].gpll~PLL_OUTPUT_COUNTER|divclk'
Slack : -6.224
TNS   : -18.662

Type  : Slow 1100mV 0C Model Recovery 'U0|pll|altera_pll_i|general[0].gpll~PLL_OUTPUT_COUNTER|divclk'
Slack : 3.259
TNS   : 0.000

Type  : Slow 1100mV 0C Model Recovery 'CLOCK_50'
Slack : 13.272
TNS   : 0.000

Type  : Slow 1100mV 0C Model Recovery 'U0|pll|altera_pll_i|general[2].gpll~PLL_OUTPUT_COUNTER|divclk'
Slack : 16.789
TNS   : 0.000

Type  : Slow 1100mV 0C Model Recovery 'altera_reserved_tck'
Slack : 17.616
TNS   : 0.000

Type  : Slow 1100mV 0C Model Removal 'U0|vga|vga_clk|altera_pll_i|general[0].gpll~PLL_OUTPUT_COUNTER|divclk'
Slack : 0.073
TNS   : 0.000

Type  : Slow 1100mV 0C Model Removal 'CLOCK_50'
Slack : 0.496
TNS   : 0.000

Type  : Slow 1100mV 0C Model Removal 'U0|pll|altera_pll_i|general[0].gpll~PLL_OUTPUT_COUNTER|divclk'
Slack : 0.515
TNS   : 0.000

Type  : Slow 1100mV 0C Model Removal 'altera_reserved_tck'
Slack : 0.767
TNS   : 0.000

Type  : Slow 1100mV 0C Model Removal 'U0|pll|altera_pll_i|general[2].gpll~PLL_OUTPUT_COUNTER|divclk'
Slack : 0.772
TNS   : 0.000

Type  : Slow 1100mV 0C Model Minimum Pulse Width 'U0|pll|altera_pll_i|general[0].gpll~FRACTIONAL_PLL|vcoph[0]'
Slack : 0.500
TNS   : 0.000

Type  : Slow 1100mV 0C Model Minimum Pulse Width 'U0|vga|vga_clk|altera_pll_i|general[0].gpll~FRACTIONAL_PLL|vcoph[0]'
Slack : 1.562
TNS   : 0.000

Type  : Slow 1100mV 0C Model Minimum Pulse Width 'U0|pll|altera_pll_i|general[0].gpll~PLL_OUTPUT_COUNTER|divclk'
Slack : 2.258
TNS   : 0.000

Type  : Slow 1100mV 0C Model Minimum Pulse Width 'CLOCK_50'
Slack : 8.913
TNS   : 0.000

Type  : Slow 1100mV 0C Model Minimum Pulse Width 'U0|vga|vga_clk|altera_pll_i|general[0].gpll~PLL_OUTPUT_COUNTER|divclk'
Slack : 11.254
TNS   : 0.000

Type  : Slow 1100mV 0C Model Minimum Pulse Width 'Generate_Arbitrary_Divided_Clk32:Generate_LCD_scope_Clk|var_clk_div32:Div_Clk|tc_reg'
Slack : 18.432
TNS   : 0.000

Type  : Slow 1100mV 0C Model Minimum Pulse Width 'hack_ltm_sincronization:hack_ltm_sincronization_inst|line_rdy'
Slack : 18.783
TNS   : 0.000

Type  : Slow 1100mV 0C Model Minimum Pulse Width 'Clock_Divider:get1Hz|clock_out'
Slack : 18.861
TNS   : 0.000

Type  : Slow 1100mV 0C Model Minimum Pulse Width 'altera_reserved_tck'
Slack : 18.881
TNS   : 0.000

Type  : Slow 1100mV 0C Model Minimum Pulse Width 'U0|pll|altera_pll_i|general[2].gpll~PLL_OUTPUT_COUNTER|divclk'
Slack : 19.181
TNS   : 0.000

Type  : Fast 1100mV 85C Model Setup 'U0|vga|vga_clk|altera_pll_i|general[0].gpll~PLL_OUTPUT_COUNTER|divclk'
Slack : -5.851
TNS   : -319.214

Type  : Fast 1100mV 85C Model Setup 'Generate_Arbitrary_Divided_Clk32:Generate_LCD_scope_Clk|var_clk_div32:Div_Clk|tc_reg'
Slack : -3.540
TNS   : -156.231

Type  : Fast 1100mV 85C Model Setup 'CLOCK_50'
Slack : -2.357
TNS   : -4.170

Type  : Fast 1100mV 85C Model Setup 'U0|pll|altera_pll_i|general[0].gpll~PLL_OUTPUT_COUNTER|divclk'
Slack : 3.160
TNS   : 0.000

Type  : Fast 1100mV 85C Model Setup 'altera_reserved_tck'
Slack : 12.357
TNS   : 0.000

Type  : Fast 1100mV 85C Model Setup 'U0|pll|altera_pll_i|general[2].gpll~PLL_OUTPUT_COUNTER|divclk'
Slack : 19.120
TNS   : 0.000

Type  : Fast 1100mV 85C Model Setup 'hack_ltm_sincronization:hack_ltm_sincronization_inst|line_rdy'
Slack : 35.091
TNS   : 0.000

Type  : Fast 1100mV 85C Model Setup 'Clock_Divider:get1Hz|clock_out'
Slack : 37.573
TNS   : 0.000

Type  : Fast 1100mV 85C Model Hold 'altera_reserved_tck'
Slack : 0.033
TNS   : 0.000

Type  : Fast 1100mV 85C Model Hold 'U0|vga|vga_clk|altera_pll_i|general[0].gpll~PLL_OUTPUT_COUNTER|divclk'
Slack : 0.038
TNS   : 0.000

Type  : Fast 1100mV 85C Model Hold 'U0|pll|altera_pll_i|general[0].gpll~PLL_OUTPUT_COUNTER|divclk'
Slack : 0.107
TNS   : 0.000

Type  : Fast 1100mV 85C Model Hold 'hack_ltm_sincronization:hack_ltm_sincronization_inst|line_rdy'
Slack : 0.120
TNS   : 0.000

Type  : Fast 1100mV 85C Model Hold 'CLOCK_50'
Slack : 0.134
TNS   : 0.000

Type  : Fast 1100mV 85C Model Hold 'U0|pll|altera_pll_i|general[2].gpll~PLL_OUTPUT_COUNTER|divclk'
Slack : 0.181
TNS   : 0.000

Type  : Fast 1100mV 85C Model Hold 'Clock_Divider:get1Hz|clock_out'
Slack : 0.345
TNS   : 0.000

Type  : Fast 1100mV 85C Model Hold 'Generate_Arbitrary_Divided_Clk32:Generate_LCD_scope_Clk|var_clk_div32:Div_Clk|tc_reg'
Slack : 0.423
TNS   : 0.000

Type  : Fast 1100mV 85C Model Recovery 'U0|vga|vga_clk|altera_pll_i|general[0].gpll~PLL_OUTPUT_COUNTER|divclk'
Slack : -4.774
TNS   : -14.320

Type  : Fast 1100mV 85C Model Recovery 'U0|pll|altera_pll_i|general[0].gpll~PLL_OUTPUT_COUNTER|divclk'
Slack : 4.626
TNS   : 0.000

Type  : Fast 1100mV 85C Model Recovery 'CLOCK_50'
Slack : 15.114
TNS   : 0.000

Type  : Fast 1100mV 85C Model Recovery 'U0|pll|altera_pll_i|general[2].gpll~PLL_OUTPUT_COUNTER|divclk'
Slack : 17.772
TNS   : 0.000

Type  : Fast 1100mV 85C Model Recovery 'altera_reserved_tck'
Slack : 18.819
TNS   : 0.000

Type  : Fast 1100mV 85C Model Removal 'CLOCK_50'
Slack : 0.294
TNS   : 0.000

Type  : Fast 1100mV 85C Model Removal 'U0|pll|altera_pll_i|general[0].gpll~PLL_OUTPUT_COUNTER|divclk'
Slack : 0.310
TNS   : 0.000

Type  : Fast 1100mV 85C Model Removal 'U0|vga|vga_clk|altera_pll_i|general[0].gpll~PLL_OUTPUT_COUNTER|divclk'
Slack : 0.311
TNS   : 0.000

Type  : Fast 1100mV 85C Model Removal 'altera_reserved_tck'
Slack : 0.383
TNS   : 0.000

Type  : Fast 1100mV 85C Model Removal 'U0|pll|altera_pll_i|general[2].gpll~PLL_OUTPUT_COUNTER|divclk'
Slack : 0.450
TNS   : 0.000

Type  : Fast 1100mV 85C Model Minimum Pulse Width 'U0|pll|altera_pll_i|general[0].gpll~FRACTIONAL_PLL|vcoph[0]'
Slack : 0.500
TNS   : 0.000

Type  : Fast 1100mV 85C Model Minimum Pulse Width 'U0|vga|vga_clk|altera_pll_i|general[0].gpll~FRACTIONAL_PLL|vcoph[0]'
Slack : 1.562
TNS   : 0.000

Type  : Fast 1100mV 85C Model Minimum Pulse Width 'U0|pll|altera_pll_i|general[0].gpll~PLL_OUTPUT_COUNTER|divclk'
Slack : 2.389
TNS   : 0.000

Type  : Fast 1100mV 85C Model Minimum Pulse Width 'CLOCK_50'
Slack : 8.481
TNS   : 0.000

Type  : Fast 1100mV 85C Model Minimum Pulse Width 'U0|vga|vga_clk|altera_pll_i|general[0].gpll~PLL_OUTPUT_COUNTER|divclk'
Slack : 11.387
TNS   : 0.000

Type  : Fast 1100mV 85C Model Minimum Pulse Width 'Generate_Arbitrary_Divided_Clk32:Generate_LCD_scope_Clk|var_clk_div32:Div_Clk|tc_reg'
Slack : 18.495
TNS   : 0.000

Type  : Fast 1100mV 85C Model Minimum Pulse Width 'altera_reserved_tck'
Slack : 18.790
TNS   : 0.000

Type  : Fast 1100mV 85C Model Minimum Pulse Width 'hack_ltm_sincronization:hack_ltm_sincronization_inst|line_rdy'
Slack : 19.099
TNS   : 0.000

Type  : Fast 1100mV 85C Model Minimum Pulse Width 'Clock_Divider:get1Hz|clock_out'
Slack : 19.125
TNS   : 0.000

Type  : Fast 1100mV 85C Model Minimum Pulse Width 'U0|pll|altera_pll_i|general[2].gpll~PLL_OUTPUT_COUNTER|divclk'
Slack : 19.534
TNS   : 0.000

Type  : Fast 1100mV 0C Model Setup 'U0|vga|vga_clk|altera_pll_i|general[0].gpll~PLL_OUTPUT_COUNTER|divclk'
Slack : -4.738
TNS   : -254.462

Type  : Fast 1100mV 0C Model Setup 'Generate_Arbitrary_Divided_Clk32:Generate_LCD_scope_Clk|var_clk_div32:Div_Clk|tc_reg'
Slack : -3.414
TNS   : -150.716

Type  : Fast 1100mV 0C Model Setup 'CLOCK_50'
Slack : -1.887
TNS   : -3.236

Type  : Fast 1100mV 0C Model Setup 'U0|pll|altera_pll_i|general[0].gpll~PLL_OUTPUT_COUNTER|divclk'
Slack : 3.522
TNS   : 0.000

Type  : Fast 1100mV 0C Model Setup 'altera_reserved_tck'
Slack : 12.535
TNS   : 0.000

Type  : Fast 1100mV 0C Model Setup 'U0|pll|altera_pll_i|general[2].gpll~PLL_OUTPUT_COUNTER|divclk'
Slack : 19.180
TNS   : 0.000

Type  : Fast 1100mV 0C Model Setup 'hack_ltm_sincronization:hack_ltm_sincronization_inst|line_rdy'
Slack : 35.471
TNS   : 0.000

Type  : Fast 1100mV 0C Model Setup 'Clock_Divider:get1Hz|clock_out'
Slack : 37.686
TNS   : 0.000

Type  : Fast 1100mV 0C Model Hold 'U0|vga|vga_clk|altera_pll_i|general[0].gpll~PLL_OUTPUT_COUNTER|divclk'
Slack : -0.108
TNS   : -0.565

Type  : Fast 1100mV 0C Model Hold 'altera_reserved_tck'
Slack : 0.021
TNS   : 0.000

Type  : Fast 1100mV 0C Model Hold 'U0|pll|altera_pll_i|general[0].gpll~PLL_OUTPUT_COUNTER|divclk'
Slack : 0.071
TNS   : 0.000

Type  : Fast 1100mV 0C Model Hold 'hack_ltm_sincronization:hack_ltm_sincronization_inst|line_rdy'
Slack : 0.120
TNS   : 0.000

Type  : Fast 1100mV 0C Model Hold 'CLOCK_50'
Slack : 0.123
TNS   : 0.000

Type  : Fast 1100mV 0C Model Hold 'U0|pll|altera_pll_i|general[2].gpll~PLL_OUTPUT_COUNTER|divclk'
Slack : 0.171
TNS   : 0.000

Type  : Fast 1100mV 0C Model Hold 'Clock_Divider:get1Hz|clock_out'
Slack : 0.310
TNS   : 0.000

Type  : Fast 1100mV 0C Model Hold 'Generate_Arbitrary_Divided_Clk32:Generate_LCD_scope_Clk|var_clk_div32:Div_Clk|tc_reg'
Slack : 0.393
TNS   : 0.000

Type  : Fast 1100mV 0C Model Recovery 'U0|vga|vga_clk|altera_pll_i|general[0].gpll~PLL_OUTPUT_COUNTER|divclk'
Slack : -3.780
TNS   : -11.338

Type  : Fast 1100mV 0C Model Recovery 'U0|pll|altera_pll_i|general[0].gpll~PLL_OUTPUT_COUNTER|divclk'
Slack : 4.824
TNS   : 0.000

Type  : Fast 1100mV 0C Model Recovery 'CLOCK_50'
Slack : 15.703
TNS   : 0.000

Type  : Fast 1100mV 0C Model Recovery 'U0|pll|altera_pll_i|general[2].gpll~PLL_OUTPUT_COUNTER|divclk'
Slack : 18.054
TNS   : 0.000

Type  : Fast 1100mV 0C Model Recovery 'altera_reserved_tck'
Slack : 19.055
TNS   : 0.000

Type  : Fast 1100mV 0C Model Removal 'CLOCK_50'
Slack : 0.264
TNS   : 0.000

Type  : Fast 1100mV 0C Model Removal 'U0|vga|vga_clk|altera_pll_i|general[0].gpll~PLL_OUTPUT_COUNTER|divclk'
Slack : 0.276
TNS   : 0.000

Type  : Fast 1100mV 0C Model Removal 'U0|pll|altera_pll_i|general[0].gpll~PLL_OUTPUT_COUNTER|divclk'
Slack : 0.279
TNS   : 0.000

Type  : Fast 1100mV 0C Model Removal 'altera_reserved_tck'
Slack : 0.332
TNS   : 0.000

Type  : Fast 1100mV 0C Model Removal 'U0|pll|altera_pll_i|general[2].gpll~PLL_OUTPUT_COUNTER|divclk'
Slack : 0.407
TNS   : 0.000

Type  : Fast 1100mV 0C Model Minimum Pulse Width 'U0|pll|altera_pll_i|general[0].gpll~FRACTIONAL_PLL|vcoph[0]'
Slack : 0.500
TNS   : 0.000

Type  : Fast 1100mV 0C Model Minimum Pulse Width 'U0|vga|vga_clk|altera_pll_i|general[0].gpll~FRACTIONAL_PLL|vcoph[0]'
Slack : 1.562
TNS   : 0.000

Type  : Fast 1100mV 0C Model Minimum Pulse Width 'U0|pll|altera_pll_i|general[0].gpll~PLL_OUTPUT_COUNTER|divclk'
Slack : 2.388
TNS   : 0.000

Type  : Fast 1100mV 0C Model Minimum Pulse Width 'CLOCK_50'
Slack : 8.435
TNS   : 0.000

Type  : Fast 1100mV 0C Model Minimum Pulse Width 'U0|vga|vga_clk|altera_pll_i|general[0].gpll~PLL_OUTPUT_COUNTER|divclk'
Slack : 11.388
TNS   : 0.000

Type  : Fast 1100mV 0C Model Minimum Pulse Width 'Generate_Arbitrary_Divided_Clk32:Generate_LCD_scope_Clk|var_clk_div32:Div_Clk|tc_reg'
Slack : 18.519
TNS   : 0.000

Type  : Fast 1100mV 0C Model Minimum Pulse Width 'altera_reserved_tck'
Slack : 18.772
TNS   : 0.000

Type  : Fast 1100mV 0C Model Minimum Pulse Width 'hack_ltm_sincronization:hack_ltm_sincronization_inst|line_rdy'
Slack : 19.115
TNS   : 0.000

Type  : Fast 1100mV 0C Model Minimum Pulse Width 'Clock_Divider:get1Hz|clock_out'
Slack : 19.125
TNS   : 0.000

Type  : Fast 1100mV 0C Model Minimum Pulse Width 'U0|pll|altera_pll_i|general[2].gpll~PLL_OUTPUT_COUNTER|divclk'
Slack : 19.540
TNS   : 0.000

------------------------------------------------------------
